\BOOKMARK [1][-]{section.1}{\376\377\000I\000n\000t\000r\000o\000d\000u\000c\000t\000i\000o\000n}{}% 1
\BOOKMARK [2][-]{subsection.1.1}{\376\377\000R\000e\000s\000e\000a\000r\000c\000h\000\040\000Q\000u\000e\000s\000t\000i\000o\000n\000s}{section.1}% 2
\BOOKMARK [2][-]{subsection.1.2}{\376\377\000C\000a\000s\000e\000\040\000S\000t\000u\000d\000y\000\040\000C\000o\000n\000t\000e\000x\000t}{section.1}% 3
\BOOKMARK [2][-]{subsection.1.3}{\376\377\000K\000e\000y\000\040\000O\000b\000s\000e\000r\000v\000a\000t\000i\000o\000n\000s}{section.1}% 4
\BOOKMARK [2][-]{subsection.1.4}{\376\377\000C\000o\000n\000t\000r\000i\000b\000u\000t\000i\000o\000n\000s}{section.1}% 5
\BOOKMARK [2][-]{subsection.1.5}{\376\377\000S\000c\000o\000p\000e\000\040\000a\000n\000d\000\040\000L\000i\000m\000i\000t\000a\000t\000i\000o\000n\000s}{section.1}% 6
\BOOKMARK [1][-]{section.2}{\376\377\000R\000e\000l\000a\000t\000e\000d\000\040\000W\000o\000r\000k}{}% 7
\BOOKMARK [2][-]{subsection.2.1}{\376\377\000A\000I\000-\000A\000s\000s\000i\000s\000t\000e\000d\000\040\000R\000e\000s\000e\000a\000r\000c\000h}{section.2}% 8
\BOOKMARK [2][-]{subsection.2.2}{\376\377\000A\000u\000t\000o\000m\000a\000t\000e\000d\000\040\000P\000e\000e\000r\000\040\000R\000e\000v\000i\000e\000w}{section.2}% 9
\BOOKMARK [2][-]{subsection.2.3}{\376\377\000R\000e\000s\000e\000a\000r\000c\000h\000\040\000Q\000u\000a\000l\000i\000t\000y\000\040\000M\000e\000t\000r\000i\000c\000s}{section.2}% 10
\BOOKMARK [2][-]{subsection.2.4}{\376\377\000H\000u\000m\000a\000n\000-\000A\000I\000\040\000C\000o\000l\000l\000a\000b\000o\000r\000a\000t\000i\000o\000n\000\040\000i\000n\000\040\000R\000e\000s\000e\000a\000r\000c\000h}{section.2}% 11
\BOOKMARK [2][-]{subsection.2.5}{\376\377\000P\000o\000s\000i\000t\000i\000o\000n\000i\000n\000g\000\040\000S\000u\000m\000m\000a\000r\000y}{section.2}% 12
\BOOKMARK [1][-]{section.3}{\376\377\000M\000e\000t\000h\000o\000d\000o\000l\000o\000g\000y}{}% 13
\BOOKMARK [2][-]{subsection.3.1}{\376\377\000C\000o\000r\000p\000u\000s\000\040\000S\000e\000l\000e\000c\000t\000i\000o\000n}{section.3}% 14
\BOOKMARK [3][-]{subsubsection.3.1.1}{\376\377\000T\000r\000a\000d\000i\000t\000i\000o\000n\000a\000l\000\040\000C\000l\000a\000u\000d\000e\000-\000A\000s\000s\000i\000s\000t\000e\000d\000\040\000P\000a\000p\000e\000r\000s}{subsection.3.1}% 15
\BOOKMARK [3][-]{subsubsection.3.1.2}{\376\377\000P\000a\000n\000e\000l\000-\000D\000r\000i\000v\000e\000n\000\040\000R\000e\000s\000e\000a\000r\000c\000h}{subsection.3.1}% 16
\BOOKMARK [2][-]{subsection.3.2}{\376\377\000Q\000u\000a\000l\000i\000t\000y\000\040\000D\000i\000m\000e\000n\000s\000i\000o\000n\000s}{section.3}% 17
\BOOKMARK [3][-]{subsubsection.3.2.1}{\376\377\000R\000e\000s\000e\000a\000r\000c\000h\000\040\000S\000t\000r\000u\000c\000t\000u\000r\000e\000\040\000\050\0003\000\040\000d\000i\000m\000e\000n\000s\000i\000o\000n\000s\000\051}{subsection.3.2}% 18
\BOOKMARK [3][-]{subsubsection.3.2.2}{\376\377\000E\000x\000p\000e\000r\000i\000m\000e\000n\000t\000a\000l\000\040\000D\000e\000s\000i\000g\000n\000\040\000\050\0002\000\040\000d\000i\000m\000e\000n\000s\000i\000o\000n\000s\000\051}{subsection.3.2}% 19
\BOOKMARK [3][-]{subsubsection.3.2.3}{\376\377\000S\000c\000i\000e\000n\000t\000i\000f\000i\000c\000\040\000M\000a\000t\000u\000r\000i\000t\000y\000\040\000\050\0003\000\040\000d\000i\000m\000e\000n\000s\000i\000o\000n\000s\000\051}{subsection.3.2}% 20
\BOOKMARK [3][-]{subsubsection.3.2.4}{\376\377\000I\000n\000n\000o\000v\000a\000t\000i\000o\000n\000\040\000a\000n\000d\000\040\000I\000t\000e\000r\000a\000t\000i\000o\000n\000\040\000\050\0002\000\040\000d\000i\000m\000e\000n\000s\000i\000o\000n\000s\000\051}{subsection.3.2}% 21
\BOOKMARK [2][-]{subsection.3.3}{\376\377\000S\000c\000o\000r\000i\000n\000g\000\040\000P\000r\000o\000c\000e\000d\000u\000r\000e}{section.3}% 22
\BOOKMARK [2][-]{subsection.3.4}{\376\377\000P\000r\000o\000c\000e\000s\000s\000\040\000T\000r\000a\000c\000i\000n\000g}{section.3}% 23
\BOOKMARK [2][-]{subsection.3.5}{\376\377\000R\000o\000l\000e\000\040\000C\000h\000a\000r\000a\000c\000t\000e\000r\000i\000z\000a\000t\000i\000o\000n}{section.3}% 24
\BOOKMARK [2][-]{subsection.3.6}{\376\377\000L\000i\000m\000i\000t\000a\000t\000i\000o\000n\000s}{section.3}% 25
\BOOKMARK [1][-]{section.4}{\376\377\000R\000e\000s\000u\000l\000t\000s}{}% 26
\BOOKMARK [2][-]{subsection.4.1}{\376\377\000O\000v\000e\000r\000a\000l\000l\000\040\000Q\000u\000a\000l\000i\000t\000y\000\040\000C\000o\000m\000p\000a\000r\000i\000s\000o\000n}{section.4}% 27
\BOOKMARK [2][-]{subsection.4.2}{\376\377\000R\000e\000s\000e\000a\000r\000c\000h\000\040\000S\000t\000r\000u\000c\000t\000u\000r\000e}{section.4}% 28
\BOOKMARK [3][-]{subsubsection.4.2.1}{\376\377\000H\000y\000p\000o\000t\000h\000e\000s\000i\000s\000\040\000C\000l\000a\000r\000i\000t\000y\000:\000\040\0002\000.\0000\000\040\000v\000s\000.\000\040\0005\000.\0000\000\040\000\050\000+\0001\0005\0000\000\045\000\051}{subsection.4.2}% 29
\BOOKMARK [3][-]{subsubsection.4.2.2}{\376\377\000C\000i\000t\000a\000t\000i\000o\000n\000\040\000P\000r\000e\000c\000i\000s\000i\000o\000n\000:\000\040\0003\000.\0000\000\040\000v\000s\000.\000\040\0005\000.\0000\000\040\000\050\000+\0006\0007\000\045\000\051}{subsection.4.2}% 30
\BOOKMARK [3][-]{subsubsection.4.2.3}{\376\377\000R\000e\000p\000r\000o\000d\000u\000c\000i\000b\000i\000l\000i\000t\000y\000:\000\040\0004\000.\0000\000\040\000v\000s\000.\000\040\0005\000.\0000\000\040\000\050\000+\0002\0005\000\045\000\051}{subsection.4.2}% 31
\BOOKMARK [2][-]{subsection.4.3}{\376\377\000E\000x\000p\000e\000r\000i\000m\000e\000n\000t\000a\000l\000\040\000D\000e\000s\000i\000g\000n}{section.4}% 32
\BOOKMARK [3][-]{subsubsection.4.3.1}{\376\377\000E\000x\000p\000e\000r\000i\000m\000e\000n\000t\000a\000l\000\040\000R\000i\000g\000o\000r\000:\000\040\0002\000.\0000\000\040\000v\000s\000.\000\040\0005\000.\0000\000\040\000\050\000+\0001\0005\0000\000\045\000\051}{subsection.4.3}% 33
\BOOKMARK [3][-]{subsubsection.4.3.2}{\376\377\000S\000y\000s\000t\000e\000m\000a\000t\000i\000c\000\040\000T\000e\000s\000t\000i\000n\000g\000:\000\040\0001\000.\0000\000\040\000v\000s\000.\000\040\0005\000.\0000\000\040\000\050\000+\0004\0000\0000\000\045\000\051}{subsection.4.3}% 34
\BOOKMARK [2][-]{subsection.4.4}{\376\377\000S\000c\000i\000e\000n\000t\000i\000f\000i\000c\000\040\000M\000a\000t\000u\000r\000i\000t\000y}{section.4}% 35
\BOOKMARK [3][-]{subsubsection.4.4.1}{\376\377\000N\000e\000g\000a\000t\000i\000v\000e\000\040\000R\000e\000s\000u\000l\000t\000s\000:\000\040\0001\000.\0000\000\040\000v\000s\000.\000\040\0005\000.\0000\000\040\000\050\000+\0004\0000\0000\000\045\000\051}{subsection.4.4}% 36
\BOOKMARK [3][-]{subsubsection.4.4.2}{\376\377\000T\000h\000e\000o\000r\000y\000\040\000B\000u\000i\000l\000d\000i\000n\000g\000:\000\040\0002\000.\0000\000\040\000v\000s\000.\000\040\0005\000.\0000\000\040\000\050\000+\0001\0005\0000\000\045\000\051}{subsection.4.4}% 37
\BOOKMARK [3][-]{subsubsection.4.4.3}{\376\377\000D\000i\000s\000c\000u\000s\000s\000i\000o\000n\000\040\000D\000e\000p\000t\000h\000:\000\040\0003\000.\0000\000\040\000v\000s\000.\000\040\0005\000.\0000\000\040\000\050\000+\0006\0007\000\045\000\051}{subsection.4.4}% 38
\BOOKMARK [2][-]{subsection.4.5}{\376\377\000I\000n\000n\000o\000v\000a\000t\000i\000o\000n\000\040\000a\000n\000d\000\040\000I\000t\000e\000r\000a\000t\000i\000o\000n}{section.4}% 39
\BOOKMARK [3][-]{subsubsection.4.5.1}{\376\377\000I\000n\000n\000o\000v\000a\000t\000i\000o\000n\000\040\000L\000e\000v\000e\000l\000:\000\040\0002\000.\0000\000\040\000v\000s\000.\000\040\0005\000.\0000\000\040\000\050\000+\0001\0005\0000\000\045\000\051}{subsection.4.5}% 40
\BOOKMARK [3][-]{subsubsection.4.5.2}{\376\377\000I\000t\000e\000r\000a\000t\000i\000o\000n\000\040\000D\000e\000p\000t\000h\000:\000\040\0002\000.\0000\000\040\000v\000s\000.\000\040\0005\000.\0000\000\040\000\050\000+\0001\0005\0000\000\045\000\051}{subsection.4.5}% 41
\BOOKMARK [2][-]{subsection.4.6}{\376\377\000P\000u\000b\000l\000i\000c\000a\000t\000i\000o\000n\000\040\000V\000e\000n\000u\000e\000\040\000P\000r\000o\000j\000e\000c\000t\000i\000o\000n\000s}{section.4}% 42
\BOOKMARK [1][-]{section.5}{\376\377\000D\000i\000s\000c\000u\000s\000s\000i\000o\000n}{}% 43
\BOOKMARK [2][-]{subsection.5.1}{\376\377\000M\000e\000c\000h\000a\000n\000i\000s\000m\000s\000\040\000D\000r\000i\000v\000i\000n\000g\000\040\000Q\000u\000a\000l\000i\000t\000y\000\040\000I\000m\000p\000r\000o\000v\000e\000m\000e\000n\000t}{section.5}% 44
\BOOKMARK [3][-]{subsubsection.5.1.1}{\376\377\000M\000e\000c\000h\000a\000n\000i\000s\000m\000\040\0001\000:\000\040\000S\000y\000s\000t\000e\000m\000a\000t\000i\000c\000\040\000Q\000u\000e\000s\000t\000i\000o\000n\000i\000n\000g}{subsection.5.1}% 45
\BOOKMARK [3][-]{subsubsection.5.1.2}{\376\377\000M\000e\000c\000h\000a\000n\000i\000s\000m\000\040\0002\000:\000\040\000E\000m\000b\000r\000a\000c\000i\000n\000g\000\040\000N\000e\000g\000a\000t\000i\000v\000e\000\040\000R\000e\000s\000u\000l\000t\000s}{subsection.5.1}% 46
\BOOKMARK [3][-]{subsubsection.5.1.3}{\376\377\000M\000e\000c\000h\000a\000n\000i\000s\000m\000\040\0003\000:\000\040\000S\000t\000a\000n\000d\000a\000r\000d\000s\000\040\000E\000l\000e\000v\000a\000t\000i\000o\000n}{subsection.5.1}% 47
\BOOKMARK [3][-]{subsubsection.5.1.4}{\376\377\000M\000e\000c\000h\000a\000n\000i\000s\000m\000\040\0004\000:\000\040\000I\000t\000e\000r\000a\000t\000i\000o\000n\000\040\000F\000o\000r\000c\000i\000n\000g}{subsection.5.1}% 48
\BOOKMARK [2][-]{subsection.5.2}{\376\377\000R\000o\000l\000e\000\040\000D\000y\000n\000a\000m\000i\000c\000s\000\040\000a\000n\000d\000\040\000H\000u\000m\000a\000n\000\040\000A\000g\000e\000n\000c\000y}{section.5}% 49
\BOOKMARK [3][-]{subsubsection.5.2.1}{\376\377\000T\000r\000a\000d\000i\000t\000i\000o\000n\000a\000l\000\040\000R\000e\000s\000e\000a\000r\000c\000h\000\040\000R\000o\000l\000e\000s}{subsection.5.2}% 50
\BOOKMARK [3][-]{subsubsection.5.2.2}{\376\377\000P\000a\000n\000e\000l\000-\000D\000r\000i\000v\000e\000n\000\040\000R\000e\000s\000e\000a\000r\000c\000h\000\040\000R\000o\000l\000e\000s}{subsection.5.2}% 51
\BOOKMARK [3][-]{subsubsection.5.2.3}{\376\377\000C\000r\000i\000t\000i\000c\000a\000l\000\040\000U\000s\000e\000r\000\040\000C\000o\000n\000t\000r\000i\000b\000u\000t\000i\000o\000n\000:\000\040\000E\000d\000g\000e\000-\000W\000e\000i\000g\000h\000t\000i\000n\000g\000\040\000I\000n\000s\000i\000g\000h\000t}{subsection.5.2}% 52
\BOOKMARK [3][-]{subsubsection.5.2.4}{\376\377\000H\000u\000m\000a\000n\000\040\000A\000g\000e\000n\000c\000y\000\040\000i\000n\000\040\000P\000a\000n\000e\000l\000-\000D\000r\000i\000v\000e\000n\000\040\000R\000e\000s\000e\000a\000r\000c\000h}{subsection.5.2}% 53
\BOOKMARK [2][-]{subsection.5.3}{\376\377\000I\000m\000p\000l\000i\000c\000a\000t\000i\000o\000n\000s\000\040\000f\000o\000r\000\040\000A\000I\000-\000A\000s\000s\000i\000s\000t\000e\000d\000\040\000R\000e\000s\000e\000a\000r\000c\000h}{section.5}% 54
\BOOKMARK [3][-]{subsubsection.5.3.1}{\376\377\000F\000o\000r\000\040\000A\000I\000\040\000R\000e\000s\000e\000a\000r\000c\000h\000\040\000A\000g\000e\000n\000t\000s}{subsection.5.3}% 55
\BOOKMARK [3][-]{subsubsection.5.3.2}{\376\377\000F\000o\000r\000\040\000U\000s\000e\000r\000s}{subsection.5.3}% 56
\BOOKMARK [3][-]{subsubsection.5.3.3}{\376\377\000F\000o\000r\000\040\000R\000e\000s\000e\000a\000r\000c\000h\000\040\000Q\000u\000a\000l\000i\000t\000y}{subsection.5.3}% 57
\BOOKMARK [2][-]{subsection.5.4}{\376\377\000C\000o\000m\000p\000a\000r\000i\000s\000o\000n\000\040\000t\000o\000\040\000R\000e\000l\000a\000t\000e\000d\000\040\000W\000o\000r\000k}{section.5}% 58
\BOOKMARK [2][-]{subsection.5.5}{\376\377\000T\000h\000r\000e\000a\000t\000s\000\040\000t\000o\000\040\000V\000a\000l\000i\000d\000i\000t\000y}{section.5}% 59
\BOOKMARK [3][-]{subsubsection.5.5.1}{\376\377\000I\000n\000t\000e\000r\000n\000a\000l\000\040\000V\000a\000l\000i\000d\000i\000t\000y}{subsection.5.5}% 60
\BOOKMARK [3][-]{subsubsection.5.5.2}{\376\377\000E\000x\000t\000e\000r\000n\000a\000l\000\040\000V\000a\000l\000i\000d\000i\000t\000y}{subsection.5.5}% 61
\BOOKMARK [3][-]{subsubsection.5.5.3}{\376\377\000C\000o\000n\000s\000t\000r\000u\000c\000t\000\040\000V\000a\000l\000i\000d\000i\000t\000y}{subsection.5.5}% 62
\BOOKMARK [2][-]{subsection.5.6}{\376\377\000F\000u\000t\000u\000r\000e\000\040\000W\000o\000r\000k}{section.5}% 63
\BOOKMARK [1][-]{section.6}{\376\377\000C\000o\000n\000c\000l\000u\000s\000i\000o\000n}{}% 64
\BOOKMARK [2][-]{subsection.6.1}{\376\377\000K\000e\000y\000\040\000O\000b\000s\000e\000r\000v\000a\000t\000i\000o\000n\000s}{section.6}% 65
\BOOKMARK [2][-]{subsection.6.2}{\376\377\000I\000m\000p\000l\000i\000c\000a\000t\000i\000o\000n\000s}{section.6}% 66
\BOOKMARK [3][-]{subsubsection.6.2.1}{\376\377\000F\000o\000r\000\040\000A\000I\000\040\000R\000e\000s\000e\000a\000r\000c\000h\000\040\000A\000g\000e\000n\000t\000s}{subsection.6.2}% 67
\BOOKMARK [3][-]{subsubsection.6.2.2}{\376\377\000F\000o\000r\000\040\000H\000u\000m\000a\000n\000-\000A\000I\000\040\000R\000e\000s\000e\000a\000r\000c\000h\000\040\000C\000o\000l\000l\000a\000b\000o\000r\000a\000t\000i\000o\000n}{subsection.6.2}% 68
\BOOKMARK [3][-]{subsubsection.6.2.3}{\376\377\000F\000o\000r\000\040\000R\000e\000s\000e\000a\000r\000c\000h\000\040\000Q\000u\000a\000l\000i\000t\000y\000\040\000A\000s\000s\000u\000r\000a\000n\000c\000e}{subsection.6.2}% 69
\BOOKMARK [2][-]{subsection.6.3}{\376\377\000L\000i\000m\000i\000t\000a\000t\000i\000o\000n\000s\000\040\000a\000n\000d\000\040\000F\000u\000t\000u\000r\000e\000\040\000W\000o\000r\000k}{section.6}% 70
\BOOKMARK [3][-]{subsubsection.6.3.1}{\376\377\000S\000t\000u\000d\000y\000\040\000L\000i\000m\000i\000t\000a\000t\000i\000o\000n\000s}{subsection.6.3}% 71
\BOOKMARK [3][-]{subsubsection.6.3.2}{\376\377\000P\000r\000o\000p\000o\000s\000e\000d\000\040\000E\000x\000p\000e\000r\000i\000m\000e\000n\000t\000a\000l\000\040\000D\000e\000s\000i\000g\000n\000\040\000f\000o\000r\000\040\000F\000u\000t\000u\000r\000e\000\040\000V\000a\000l\000i\000d\000a\000t\000i\000o\000n}{subsection.6.3}% 72
\BOOKMARK [2][-]{subsection.6.4}{\376\377\000C\000l\000o\000s\000i\000n\000g\000\040\000R\000e\000m\000a\000r\000k\000s}{section.6}% 73
